08:33:21 **** Build of configuration Debug for project linuxfpga_app ****
make all 
'Building file: ../src/helloworld.c'
'Invoking: MicroBlaze gcc compiler'
mb-gcc -Wall -O0 -g3 -c -fmessage-length=0 -MT"src/helloworld.o" -IC:/Users/tambechristian/Documents/Electronics/Nexys_A7/LinuxFpga_03/sw/linuxfpga/export/linuxfpga/sw/linuxfpga/standalone_domain/bspinclude/include -mno-xl-reorder -mlittle-endian -mxl-barrel-shift -mxl-pattern-compare -mcpu=v11.0 -mno-xl-soft-mul -Wl,--no-relax -ffunction-sections -fdata-sections -MMD -MP -MF"src/helloworld.d" -MT"src/helloworld.o" -o "src/helloworld.o" "../src/helloworld.c"
'Finished building: ../src/helloworld.c'
' '
'Building file: ../src/platform.c'
'Invoking: MicroBlaze gcc compiler'
mb-gcc -Wall -O0 -g3 -c -fmessage-length=0 -MT"src/platform.o" -IC:/Users/tambechristian/Documents/Electronics/Nexys_A7/LinuxFpga_03/sw/linuxfpga/export/linuxfpga/sw/linuxfpga/standalone_domain/bspinclude/include -mno-xl-reorder -mlittle-endian -mxl-barrel-shift -mxl-pattern-compare -mcpu=v11.0 -mno-xl-soft-mul -Wl,--no-relax -ffunction-sections -fdata-sections -MMD -MP -MF"src/platform.d" -MT"src/platform.o" -o "src/platform.o" "../src/platform.c"
'Finished building: ../src/platform.c'
' '
'Building target: linuxfpga_app.elf'
'Invoking: MicroBlaze gcc linker'
mb-gcc -Wl,-T -Wl,../src/lscript.ld -LC:/Users/tambechristian/Documents/Electronics/Nexys_A7/LinuxFpga_03/sw/linuxfpga/export/linuxfpga/sw/linuxfpga/standalone_domain/bsplib/lib -mlittle-endian -mxl-barrel-shift -mxl-pattern-compare -mcpu=v11.0 -mno-xl-soft-mul -Wl,--no-relax -Wl,--gc-sections -o "linuxfpga_app.elf"  ./src/helloworld.o ./src/platform.o   -Wl,--start-group,-lxil,-lgcc,-lc,--end-group
'Finished building target: linuxfpga_app.elf'
' '
'Invoking: MicroBlaze Print Size'
mb-size linuxfpga_app.elf  |tee "linuxfpga_app.elf.size"
   text	   data	    bss	    dec	    hex	filename
   5476	    304	   3076	   8856	   2298	linuxfpga_app.elf
'Finished building: linuxfpga_app.elf.size'
' '

08:33:23 Build Finished (took 1s.965ms)

